// Jest Snapshot v1, https://goo.gl/fbAQLP

exports[`matches the previous snapshot 1`] = `
<div
  className="row justify-content-center mt-3"
>
  <div
    className="col-md-5"
  >
    <div
      className="alert alert-danger"
    >
      test message
      <button
        aria-label="Close"
        className="close"
        type="button"
      >
        <span
          aria-hidden="true"
        >
          Ã—
        </span>
      </button>
    </div>
  </div>
</div>
`;
