// Jest Snapshot v1, https://goo.gl/fbAQLP

exports[`matches the previous snapshot 1`] = `
<footer>
  <nav
    className="navbar navbar-light bg-light"
  >
    <p
      className="mx-auto mt-3"
    >
      Â© 
      <i>
        DEVCIT
      </i>
       2021
    </p>
  </nav>
</footer>
`;
